INFO: [baseline] Dispatching 15 work items with 5 workers
INFO: [with-sourcegraph] Dispatching 15 work items with 5 workers
INFO: [baseline] Running 45b581b5 (repeat 1)
INFO: [baseline] Running 45b581b5 (repeat 0)
INFO: [baseline] Running 0d4ec3ad (repeat 1)
INFO: [baseline] Running 0d4ec3ad (repeat 0)
INFO: [baseline] Running 0d4ec3ad (repeat 2)
INFO: [45b581b5] Pinned workspace to 45b581b5^ (pre-merge state)
INFO: [45b581b5] Pinned workspace to 45b581b5^ (pre-merge state)
INFO: [0d4ec3ad] Pinned workspace to 0d4ec3ad^ (pre-merge state)
INFO: [0d4ec3ad] Pinned workspace to 0d4ec3ad^ (pre-merge state)
INFO: [with-sourcegraph] Running 0d4ec3ad (repeat 0)
INFO: [with-sourcegraph] Running 45b581b5 (repeat 0)
INFO: [with-sourcegraph] Running 0d4ec3ad (repeat 1)
INFO: [with-sourcegraph] Running 0d4ec3ad (repeat 2)
INFO: [with-sourcegraph] Running 45b581b5 (repeat 1)
INFO: [0d4ec3ad] Pinned workspace to 0d4ec3ad^ (pre-merge state)
INFO: [0d4ec3ad] Pinned workspace to 0d4ec3ad^ (pre-merge state)
INFO: [45b581b5] Pinned workspace to 45b581b5^ (pre-merge state)
INFO: [0d4ec3ad] Pinned workspace to 0d4ec3ad^ (pre-merge state)
INFO: [0d4ec3ad] Pinned workspace to 0d4ec3ad^ (pre-merge state)
INFO: [45b581b5] Pinned workspace to 45b581b5^ (pre-merge state)
INFO: [baseline] Running 45b581b5 (repeat 2)
INFO: [45b581b5] Pinned workspace to 45b581b5^ (pre-merge state)
WARNING: Worktree reset failed for /home/ds/test_repos/gascity/.codeprobe-worktrees-baseline/slot-0: [Errno 2] No such file or directory: PosixPath('/home/ds/test_repos/gascity/.codeprobe-worktrees-baseline/slot-0')
INFO: [baseline] Running ba1f3675 (repeat 0)
WARNING: Worktree reset failed for /home/ds/test_repos/gascity/.codeprobe-worktrees-baseline/slot-0: [Errno 2] No such file or directory: PosixPath('/home/ds/test_repos/gascity/.codeprobe-worktrees-baseline/slot-0')
INFO: [baseline] Running ba1f3675 (repeat 1)
WARNING: Worktree reset failed for /home/ds/test_repos/gascity/.codeprobe-worktrees-baseline/slot-0: [Errno 2] No such file or directory: PosixPath('/home/ds/test_repos/gascity/.codeprobe-worktrees-baseline/slot-0')
INFO: [baseline] Running ba1f3675 (repeat 2)
WARNING: Worktree reset failed for /home/ds/test_repos/gascity/.codeprobe-worktrees-baseline/slot-0: [Errno 2] No such file or directory: PosixPath('/home/ds/test_repos/gascity/.codeprobe-worktrees-baseline/slot-0')
ERROR: [baseline] ba1f3675 repeat 0 raised: [Errno 2] No such file or directory: PosixPath('/home/ds/test_repos/gascity/.codeprobe-worktrees-baseline/slot-0')
INFO: [baseline] Running d906ac3d (repeat 0)
ERROR: [baseline] ba1f3675 repeat 1 raised: [Errno 2] No such file or directory: PosixPath('/home/ds/test_repos/gascity/.codeprobe-worktrees-baseline/slot-0')
WARNING: Worktree reset failed for /home/ds/test_repos/gascity/.codeprobe-worktrees-baseline/slot-0: [Errno 2] No such file or directory: PosixPath('/home/ds/test_repos/gascity/.codeprobe-worktrees-baseline/slot-0')
INFO: [baseline] Running d906ac3d (repeat 1)
WARNING: Worktree reset failed for /home/ds/test_repos/gascity/.codeprobe-worktrees-baseline/slot-0: [Errno 2] No such file or directory: PosixPath('/home/ds/test_repos/gascity/.codeprobe-worktrees-baseline/slot-0')
INFO: [baseline] Running d906ac3d (repeat 2)
ERROR: [baseline] ba1f3675 repeat 2 raised: [Errno 2] No such file or directory: PosixPath('/home/ds/test_repos/gascity/.codeprobe-worktrees-baseline/slot-0')
WARNING: Worktree reset failed for /home/ds/test_repos/gascity/.codeprobe-worktrees-baseline/slot-0: [Errno 2] No such file or directory: PosixPath('/home/ds/test_repos/gascity/.codeprobe-worktrees-baseline/slot-0')
INFO: [baseline] Running fde8e6e0 (repeat 0)
WARNING: Worktree reset failed for /home/ds/test_repos/gascity/.codeprobe-worktrees-baseline/slot-0: [Errno 2] No such file or directory: PosixPath('/home/ds/test_repos/gascity/.codeprobe-worktrees-baseline/slot-0')
INFO: [baseline] Running fde8e6e0 (repeat 1)
ERROR: [baseline] d906ac3d repeat 0 raised: [Errno 2] No such file or directory: PosixPath('/home/ds/test_repos/gascity/.codeprobe-worktrees-baseline/slot-0')
ERROR: [baseline] d906ac3d repeat 1 raised: [Errno 2] No such file or directory: PosixPath('/home/ds/test_repos/gascity/.codeprobe-worktrees-baseline/slot-0')
ERROR: [baseline] d906ac3d repeat 2 raised: [Errno 2] No such file or directory: PosixPath('/home/ds/test_repos/gascity/.codeprobe-worktrees-baseline/slot-0')
WARNING: Worktree reset failed for /home/ds/test_repos/gascity/.codeprobe-worktrees-baseline/slot-0: [Errno 2] No such file or directory: PosixPath('/home/ds/test_repos/gascity/.codeprobe-worktrees-baseline/slot-0')
ERROR: [baseline] fde8e6e0 repeat 0 raised: [Errno 2] No such file or directory: PosixPath('/home/ds/test_repos/gascity/.codeprobe-worktrees-baseline/slot-0')
INFO: [baseline] Running fde8e6e0 (repeat 2)
WARNING: Worktree reset failed for /home/ds/test_repos/gascity/.codeprobe-worktrees-baseline/slot-0: [Errno 2] No such file or directory: PosixPath('/home/ds/test_repos/gascity/.codeprobe-worktrees-baseline/slot-0')
ERROR: [baseline] fde8e6e0 repeat 1 raised: [Errno 2] No such file or directory: PosixPath('/home/ds/test_repos/gascity/.codeprobe-worktrees-baseline/slot-0')
ERROR: [baseline] fde8e6e0 repeat 2 raised: [Errno 2] No such file or directory: PosixPath('/home/ds/test_repos/gascity/.codeprobe-worktrees-baseline/slot-0')
INFO: [with-sourcegraph] Running 45b581b5 (repeat 2)
INFO: [45b581b5] Pinned workspace to 45b581b5^ (pre-merge state)
