INFO: [baseline] Dispatching 15 work items with 3 workers
INFO: [baseline] Running 0d4ec3ad (repeat 2)
INFO: [baseline] Running 0d4ec3ad (repeat 1)
INFO: [baseline] Running 0d4ec3ad (repeat 0)
INFO: [0d4ec3ad] Pinned workspace to 0d4ec3ad^ (pre-merge state)
INFO: [0d4ec3ad] Pinned workspace to 0d4ec3ad^ (pre-merge state)
INFO: [0d4ec3ad] Pinned workspace to 0d4ec3ad^ (pre-merge state)
INFO: [baseline] Running 45b581b5 (repeat 0)
INFO: [45b581b5] Pinned workspace to 45b581b5^ (pre-merge state)
INFO: [baseline] Running 45b581b5 (repeat 1)
INFO: [45b581b5] Pinned workspace to 45b581b5^ (pre-merge state)
INFO: [baseline] Running 45b581b5 (repeat 2)
INFO: [45b581b5] Pinned workspace to 45b581b5^ (pre-merge state)
INFO: [baseline] Running ba1f3675 (repeat 0)
INFO: [ba1f3675] Pinned workspace to ba1f3675^ (pre-merge state)
INFO: [baseline] Running ba1f3675 (repeat 1)
INFO: [ba1f3675] Pinned workspace to ba1f3675^ (pre-merge state)
INFO: [baseline] Running ba1f3675 (repeat 2)
INFO: [ba1f3675] Pinned workspace to ba1f3675^ (pre-merge state)
INFO: [baseline] Running d906ac3d (repeat 0)
INFO: [d906ac3d] Pinned workspace to d906ac3d^ (pre-merge state)
INFO: [baseline] Running d906ac3d (repeat 1)
INFO: [d906ac3d] Pinned workspace to d906ac3d^ (pre-merge state)
INFO: [baseline] Running d906ac3d (repeat 2)
INFO: [d906ac3d] Pinned workspace to d906ac3d^ (pre-merge state)
INFO: [baseline] Running fde8e6e0 (repeat 0)
INFO: [fde8e6e0] Pinned workspace to fde8e6e0^ (pre-merge state)
INFO: [baseline] Running fde8e6e0 (repeat 1)
INFO: [fde8e6e0] Pinned workspace to fde8e6e0^ (pre-merge state)
INFO: [baseline] Running fde8e6e0 (repeat 2)
INFO: [fde8e6e0] Pinned workspace to fde8e6e0^ (pre-merge state)
INFO: [with-sourcegraph] Dispatching 15 work items with 3 workers
INFO: [with-sourcegraph] Running 0d4ec3ad (repeat 1)
INFO: [with-sourcegraph] Running 0d4ec3ad (repeat 2)
INFO: [with-sourcegraph] Running 0d4ec3ad (repeat 0)
INFO: [0d4ec3ad] Pinned workspace to 0d4ec3ad^ (pre-merge state)
INFO: [0d4ec3ad] Pinned workspace to 0d4ec3ad^ (pre-merge state)
INFO: [0d4ec3ad] Pinned workspace to 0d4ec3ad^ (pre-merge state)
INFO: [with-sourcegraph] Running 45b581b5 (repeat 0)
INFO: [45b581b5] Pinned workspace to 45b581b5^ (pre-merge state)
INFO: [with-sourcegraph] Running 45b581b5 (repeat 1)
INFO: [45b581b5] Pinned workspace to 45b581b5^ (pre-merge state)
INFO: [with-sourcegraph] Running 45b581b5 (repeat 2)
INFO: [45b581b5] Pinned workspace to 45b581b5^ (pre-merge state)
INFO: [with-sourcegraph] Running ba1f3675 (repeat 0)
INFO: [ba1f3675] Pinned workspace to ba1f3675^ (pre-merge state)
INFO: [with-sourcegraph] Running ba1f3675 (repeat 1)
INFO: [ba1f3675] Pinned workspace to ba1f3675^ (pre-merge state)
INFO: [with-sourcegraph] Running ba1f3675 (repeat 2)
INFO: [ba1f3675] Pinned workspace to ba1f3675^ (pre-merge state)
INFO: [with-sourcegraph] Running d906ac3d (repeat 0)
INFO: [d906ac3d] Pinned workspace to d906ac3d^ (pre-merge state)
INFO: [with-sourcegraph] Running d906ac3d (repeat 1)
INFO: [d906ac3d] Pinned workspace to d906ac3d^ (pre-merge state)
INFO: [with-sourcegraph] Running d906ac3d (repeat 2)
INFO: [d906ac3d] Pinned workspace to d906ac3d^ (pre-merge state)
INFO: [with-sourcegraph] Running fde8e6e0 (repeat 0)
INFO: [fde8e6e0] Pinned workspace to fde8e6e0^ (pre-merge state)
INFO: [with-sourcegraph] Running fde8e6e0 (repeat 1)
INFO: [fde8e6e0] Pinned workspace to fde8e6e0^ (pre-merge state)
INFO: [with-sourcegraph] Running fde8e6e0 (repeat 2)
INFO: [fde8e6e0] Pinned workspace to fde8e6e0^ (pre-merge state)
INFO: [with-sg-narrow] Dispatching 15 work items with 3 workers
INFO: [with-sg-narrow] Running 0d4ec3ad (repeat 0)
INFO: [with-sg-narrow] Running 0d4ec3ad (repeat 2)
INFO: [with-sg-narrow] Running 0d4ec3ad (repeat 1)
INFO: [0d4ec3ad] Pinned workspace to 0d4ec3ad^ (pre-merge state)
INFO: [0d4ec3ad] Pinned workspace to 0d4ec3ad^ (pre-merge state)
INFO: [0d4ec3ad] Pinned workspace to 0d4ec3ad^ (pre-merge state)
INFO: [with-sg-narrow] Running 45b581b5 (repeat 0)
INFO: [45b581b5] Pinned workspace to 45b581b5^ (pre-merge state)
INFO: [with-sg-narrow] Running 45b581b5 (repeat 1)
INFO: [45b581b5] Pinned workspace to 45b581b5^ (pre-merge state)
INFO: [with-sg-narrow] Running 45b581b5 (repeat 2)
INFO: [45b581b5] Pinned workspace to 45b581b5^ (pre-merge state)
INFO: [with-sg-narrow] Running ba1f3675 (repeat 0)
INFO: [ba1f3675] Pinned workspace to ba1f3675^ (pre-merge state)
INFO: [with-sg-narrow] Running ba1f3675 (repeat 1)
INFO: [ba1f3675] Pinned workspace to ba1f3675^ (pre-merge state)
INFO: [with-sg-narrow] Running ba1f3675 (repeat 2)
INFO: [ba1f3675] Pinned workspace to ba1f3675^ (pre-merge state)
INFO: [with-sg-narrow] Running d906ac3d (repeat 0)
INFO: [d906ac3d] Pinned workspace to d906ac3d^ (pre-merge state)
INFO: [with-sg-narrow] Running d906ac3d (repeat 1)
INFO: [d906ac3d] Pinned workspace to d906ac3d^ (pre-merge state)
INFO: [with-sg-narrow] Running d906ac3d (repeat 2)
INFO: [d906ac3d] Pinned workspace to d906ac3d^ (pre-merge state)
INFO: [with-sg-narrow] Running fde8e6e0 (repeat 0)
INFO: [fde8e6e0] Pinned workspace to fde8e6e0^ (pre-merge state)
INFO: [with-sg-narrow] Running fde8e6e0 (repeat 1)
INFO: [fde8e6e0] Pinned workspace to fde8e6e0^ (pre-merge state)
INFO: [with-sg-narrow] Running fde8e6e0 (repeat 2)
INFO: [fde8e6e0] Pinned workspace to fde8e6e0^ (pre-merge state)
